// Vitest Snapshot v1, https://vitest.dev/guide/snapshot.html

exports[`highlight filter > should return default filter when no args provided 1`] = `
"<filter>
        <feFlood flood-color="red" flood-opacity="1" result="colored"/>
        <feMorphology result="morphed" in="SourceGraphic" operator="dilate" radius="1"/>
        <feComposite result="composed" in="colored" in2="morphed" operator="in"/>
        <feGaussianBlur result="blured" in="composed" stdDeviation="0"/>
        <feBlend in="SourceGraphic" in2="blured" mode="normal"/>
      </filter>"
`;
